adjtimex\(\{modes=0, offset=2768153, freq=1273841, maxerror=209000, esterror=0, status=STA_[A-Z]+(\|STA_[A-Z]+)*, constant=7, precision=1, tolerance=32768000, time={1489666174, 36115089}, tick=10000, ppsfreq=0, jitter=0, shift=0, stabil=0, jitcnt=0, calcnt=0, errcnt=0, stbcnt=0, tai=0\}\) = 0 \(TIME_[A-Z]+\)
lo IP Address 127.0.0.1
ens33 IP Address 192.168.159.137
IP Address 127.0.0.1
IP Address 192.168.159.137
