io_setup(2, [140697876099072]) = 0
io_submit(140697876099072, 2, [{data=0xfeedface11111111, pread, reqprio=11, fildes=0, buf=0x55f867938040, nbytes=4096, offset=1004211328502398701}, {data=0xfeedface22222222, pread, reqprio=22, fildes=0, buf=0x55f867936040, nbytes=8192, offset=1004211331995201549}]) = 2
io_getevents(140697876099072, 2, 3, [{data=0xfeedface11111111, obj=0x7ffeea5ca230, res=4096, res2=0}, {data=0xfeedface22222222, obj=0x7ffeea5ca270, res=8192, res2=0}], {0, 123456789}) = 2
io_cancel(140697876099072, {data=0xdeadbeefbadc0ded, pread, reqprio=99, fildes=-42}, 0x7ffeea5ca1f0) = -1 EINVAL (Invalid argument)
io_submit(140697876099072, 2, [{data=0xfeed11111111face, preadv, reqprio=111, fildes=0, iovec=[{0x55f867938040, 1024}, {0x55f867938440, 3072}], offset=1004211328502398701}, {data=0xfeed22222222face, preadv, reqprio=222, fildes=0, iovec=[{0x55f867936040, 2048}, {0x55f867936840, 6144}], offset=1004211331995201549}]) = 2
io_destroy(140697876099072) = 0
+++ exited with 0 +++
lo IP Address 127.0.0.1
ens33 IP Address 192.168.159.137
IP Address 127.0.0.1
IP Address 192.168.159.137
