clock_getres(CLOCK_REALTIME, {0, 1}) = 0
clock_gettime(CLOCK_PROCESS_CPUTIME_ID, {0, 7982455}) = 0
clock_settime(CLOCK_THREAD_CPUTIME_ID, {233811169, 233811170}) = -1 EINVAL (Invalid argument)
+++ exited with 0 +++
lo IP Address 127.0.0.1
ens33 IP Address 192.168.159.137
IP Address 127.0.0.1
IP Address 192.168.159.137
