ioctl(-1, TCGETS, 0x7ffe7501f110) = -1 EBADF (Bad file descriptor)
ioctl(-1, MMTIMER_GETRES, 0x7ffe7501f108) = -1 EBADF (Bad file descriptor)
ioctl(-1, VIDIOC_ENUMINPUT, 0) = -1 EBADF (Bad file descriptor)
ioctl(-1, HIDIOCGRDESCSIZE or HIDIOCGVERSION, 0x7ffe7501f108) = -1 EBADF (Bad file descriptor)
ioctl(-1, HIDIOCGPHYS(8), 0x7ffe7501f108) = -1 EBADF (Bad file descriptor)
ioctl(-1, EVIOCGBIT(EV_KEY, 8), 0x7ffe7501f108) = -1 EBADF (Bad file descriptor)
ioctl(-1, MIXER_READ(13) or OTPSELECT, [MTD_OTP_OFF]) = -1 EBADF (Bad file descriptor)
ioctl(-1, _IOC(_IOC_READ, 0xde, 0xad, 0x08), 0x7ffe7501f108) = -1 EBADF (Bad file descriptor)
+++ exited with 0 +++
lo IP Address 127.0.0.1
ens33 IP Address 192.168.159.137
IP Address 127.0.0.1
IP Address 192.168.159.137
