msgget\(IPC_PRIVATE, 0600\) += 1212416
msgctl\(1212416, (IPC_64\|)?IPC_STAT, \{msg_perm=\{uid=0, gid=0, mode=0600, key=0, cuid=0, cgid=0\}, msg_stime=0, msg_rtime=0, msg_ctime=1489666176, msg_qnum=0, msg_qbytes=16384, msg_lspid=0, msg_lrpid=0\}\) += 0
msgctl\(0, (IPC_64\|)?MSG_INFO, 0x7fff1ac050b0\) += 0
msgctl\(1212416, (IPC_64\|)?MSG_STAT, 0x7fff1ac050b0\) += 1212416
msgctl\(1212416, (IPC_64\|)?IPC_RMID, NULL\) += 0
lo IP Address 127.0.0.1
ens33 IP Address 192.168.159.137
IP Address 127.0.0.1
IP Address 192.168.159.137
