membarrier(0x3 /* MEMBARRIER_CMD_??? */, 255) = -1 EINVAL (Invalid argument)
membarrier(MEMBARRIER_CMD_QUERY, 0) = 0x1 (MEMBARRIER_CMD_SHARED)
+++ exited with 0 +++
lo IP Address 127.0.0.1
ens33 IP Address 192.168.159.137
IP Address 127.0.0.1
IP Address 192.168.159.137
