nanosleep({0, 789985}, NULL) = 0
nanosleep(NULL, 0x7ffc4aa1c7f0) = -1 EFAULT (Bad address)
nanosleep({0, 789985}, 0x7ffc4aa1c7f0) = 0
nanosleep({0, 1000000000}, 0x7ffc4aa1c7f0) = -1 EINVAL (Invalid argument)
setitimer(ITIMER_REAL, {it_interval={0, 0}, it_value={0, 111111}}, NULL) = 0
nanosleep({0, 999999999}, {0, 888752355}) = ? ERESTART_RESTARTBLOCK (Interrupted by signal)
--- SIGALRM {si_signo=SIGALRM, si_code=SI_KERNEL} ---
+++ exited with 0 +++
lo IP Address 127.0.0.1
ens33 IP Address 192.168.159.137
IP Address 127.0.0.1
IP Address 192.168.159.137
