rt_sigqueueinfo(102656, SIGUSR1, {si_signo=SIGUSR1, si_code=SI_QUEUE, si_pid=102656, si_uid=0, si_value={int=-1159983635, ptr=0xdeadbeefbadc0ded}}) = 0
+++ exited with 0 +++
lo IP Address 127.0.0.1
ens33 IP Address 192.168.159.137
IP Address 127.0.0.1
IP Address 192.168.159.137
