[1-9][0-9]* +[0-9]+:[0-9]+:[0-9]+\.[0-9]+ +sendmsg\(1<socket:\[[0-9]+\]>, \{msg_name\(0\)=NULL, msg_iov\(1\)=\[\{"\\x00\\x00\\x00\\x00[^"]*", [1-9][0-9]*\}\], msg_controllen=[1-9][0-9]*, \[\{cmsg_len=[1-9][0-9]*, cmsg_level=SOL_SOCKET, cmsg_type=SCM_RIGHTS, \[3</dev/null>, 4</dev/zero>, 5</[^}>]*/(A\\n){127}Z>\]\}\], msg_flags=0\}, 0\) += [1-9][0-9]*
[1-9][0-9]* +[0-9]+:[0-9]+:[0-9]+\.[0-9]+ +recvmsg\(0<socket:\[[0-9]+\]>, \{msg_name\(0\)=NULL, msg_iov\(1\)=\[\{"\\x00\\x00\\x00\\x00[^"]*", [1-9][0-9]*\}\], msg_controllen=[1-9][0-9]*, \[\{cmsg_len=[1-9][0-9]*, cmsg_level=SOL_SOCKET, cmsg_type=SCM_CREDENTIALS, \{pid=[1-9][0-9]*, uid=[0-9]+, gid=[0-9]+\}\}, \{cmsg_len=[1-9][0-9]*, cmsg_level=SOL_SOCKET, cmsg_type=SCM_RIGHTS, \[3</dev/null>, 4</dev/zero>, 5</[^}>]*/(A\\n){127}Z>\]\}\], msg_flags=0\}, 0\) += [1-9][0-9]*
