prctl(PR_SET_NO_NEW_PRIVS, 1, 0, 0, 0)  = 0
prctl(PR_SET_SECCOMP, SECCOMP_MODE_FILTER, [BPF_STMT(BPF_LD | BPF_W | BPF_ABS, 0), BPF_JUMP(BPF_JMP | BPF_K | BPF_JEQ, 0x3, 0, 0x1), BPF_STMT(BPF_RET | BPF_K, SECCOMP_RET_ALLOW), BPF_JUMP(BPF_JMP | BPF_K | BPF_JEQ, 0x3c, 0, 0x1), BPF_STMT(BPF_RET | BPF_K, SECCOMP_RET_ALLOW), BPF_JUMP(BPF_JMP | BPF_K | BPF_JEQ, 0xe7, 0, 0x1), BPF_STMT(BPF_RET | BPF_K, SECCOMP_RET_ALLOW), BPF_JUMP(BPF_JMP | BPF_K | BPF_JEQ, 0xa2, 0, 0x1), BPF_STMT(BPF_RET | BPF_K, SECCOMP_RET_ERRNO | 0x10), BPF_JUMP(BPF_JMP | BPF_K | BPF_JEQ, 0x70, 0, 0x1), BPF_STMT(BPF_RET | BPF_K, SECCOMP_RET_ERRNO | 0x1), BPF_STMT(BPF_RET | BPF_K, SECCOMP_RET_KILL)]) = 0
+++ exited with 0 +++
lo IP Address 127.0.0.1
ens33 IP Address 192.168.159.137
IP Address 127.0.0.1
IP Address 192.168.159.137
