lo IP Address 127.0.0.1
ens33 IP Address 192.168.159.137
IP Address 127.0.0.1
IP Address 192.168.159.137
sendfile(0, 1, NULL, 4096) = -1 EBADF (Bad file descriptor)
sendfile(0, 1, 0x7f3912a8f000, 4096) = -1 EFAULT (Bad address)
sendfile(4, 5, NULL, 17979) = 17979
sendfile(4, 5, 0x7f3912a8effc, 17979) = -1 EFAULT (Bad address)
sendfile(4, 5, [0] => [17979], 17979) = 17979
sendfile(4, 5, [17979] => [26968], 26969) = 8989
sendfile(4, 5, [14627392582579060461], 1) = -1 EINVAL (Invalid argument)
sendfile(4, 5, [233811181], 1) = 0
+++ exited with 0 +++
