timerfd_create(CLOCK_MONOTONIC, TFD_CLOEXEC|TFD_NONBLOCK) = 0
timerfd_settime(0, 0, {it_interval={233811169, 233811170}, it_value={233811171, 233811172}}, {it_interval={0, 0}, it_value={0, 0}}) = 0
timerfd_gettime(0, {it_interval={233811169, 233811170}, it_value={233811171, 233689222}}) = 0
+++ exited with 0 +++
lo IP Address 127.0.0.1
ens33 IP Address 192.168.159.137
IP Address 127.0.0.1
IP Address 192.168.159.137
