userfaultfd(O_NONBLOCK|O_CLOEXEC|0x1) = -1 EINVAL (Invalid argument)
+++ exited with 0 +++
lo IP Address 127.0.0.1
ens33 IP Address 192.168.159.137
IP Address 127.0.0.1
IP Address 192.168.159.137
