utime("utime\nfilename", [2017/03/16-08:09:40, 2017/03/16-08:09:40]) = -1 ENOENT (No such file or directory)
+++ exited with 0 +++
lo IP Address 127.0.0.1
ens33 IP Address 192.168.159.137
IP Address 127.0.0.1
IP Address 192.168.159.137
